// Jest Snapshot v1, https://goo.gl/fbAQLP

exports[`<Main /> should render the heading 1`] = `
<main
  class="styles__Wrapper-sc-1udztya-0 iOgQh"
>
  <img
    alt="Imagem de um átomo e React Avançado escrito ao lado."
    class="styles__Logo-sc-1udztya-1 kFzBXy"
    src="/img/logo.svg"
  />
  <h1
    class="styles__Title-sc-1udztya-2 fTiLzo"
  >
    React Avançado
  </h1>
  <h2
    class="styles__Description-sc-1udztya-3 lnnVsT"
  >
    TypeScript, ReactJS, NextJS e Styled Components
  </h2>
  <img
    alt="Um desenvolvedor de frente para uma tela com código."
    class="styles__Illustration-sc-1udztya-4 fzeAoC"
    src="/img/hero-illustration.svg"
  />
</main>
`
